../Drivers/CMSIS/Include/core_cm4.h:2064:26:ITM_SendChar	16	static,ignoring_inline_asm
../Core/Src/main.c:70:5:_write	32	static
../Core/Src/main.c:77:6:print_float_value	40	static
../Core/Src/main.c:91:6:print_pressure_value	40	static
../Core/Src/main.c:107:5:main	64	static
../Core/Src/main.c:249:6:Test_VCP_Output	56	static
../Core/Src/main.c:258:6:SystemClock_Config	88	static
../Core/Src/main.c:304:13:MX_I2C1_Init	8	static
../Core/Src/main.c:338:13:MX_USART2_UART_Init	8	static
../Core/Src/main.c:371:13:MX_GPIO_Init	24	static
../Core/Src/main.c:393:6:Error_Handler	4	static,ignoring_inline_asm
